<?xml version="1.0"?>
<testsuites>
  <testsuite name="PhantomJS 1.9 (Mac)" package="" timestamp="2013-04-18T15:46:32" id="0" hostname="ws-94-141.haw-1x.haw-hamburg.de" tests="1" errors="0" failures="1" time="0.006">
    <properties>
      <property name="browser.fullName" value="Mozilla/5.0 (Macintosh; Intel Mac OS X) AppleWebKit/534.34 (KHTML, like Gecko) PhantomJS/1.9.0 Safari/534.34"/>
    </properties>
    <testcase name="should execute drawPlayGround" time="0.006" classname="PhantomJS 1.9 (Mac).it generates the playground">
      <failure type="">TypeError: &apos;null&apos; is not an object (evaluating &apos;canvas.getContext&apos;)
    at drawPlayGround (/Users/julius/Daten/uni/battleshipJS/js/func/drawPlayGround.js:2)
    at /Users/julius/Daten/uni/battleshipJS/tests/specs/main.spec.js:3
    at http://localhost:23424/testacular.js:106
    at http://localhost:23424/context.html:42
</failure>
    </testcase>
    <system-out><![CDATA[
]]></system-out>
    <system-err/>
  </testsuite>
</testsuites>
